// Jest Snapshot v1, https://goo.gl/fbAQLP

exports[`Password Reset renders correctly 1`] = `
Array [
  <div>
    <label
      className="label"
      htmlFor="User"
    >
      User
      :
    </label>
    <input
      className="input"
      name="User"
      onChange={[Function]}
      type="text"
      value=""
    />
    <p>
      As you begin typing, possible matches will appear below.
    </p>
  </div>,
  "",
]
`;
